25-08-29 23:42:22:401 [cluster-ClusterId{value='68b1a9964e1de51b0fa5198f', description='null'}-ac-0rtaqwp-shard-00-01.dppopie.mongodb.net:27017] INFO  org.mongodb.driver.cluster - Exception in monitor thread while connecting to server ac-0rtaqwp-shard-00-01.dppopie.mongodb.net:27017
com.mongodb.MongoSocketReadTimeoutException: Timeout while receiving message
	at com.mongodb.internal.connection.InternalStreamConnection.translateReadException(InternalStreamConnection.java:696)
	at com.mongodb.internal.connection.InternalStreamConnection.receiveMessageWithAdditionalTimeout(InternalStreamConnection.java:574)
	at com.mongodb.internal.connection.InternalStreamConnection.receiveCommandMessageResponse(InternalStreamConnection.java:410)
	at com.mongodb.internal.connection.InternalStreamConnection.receive(InternalStreamConnection.java:369)
	at com.mongodb.internal.connection.DefaultServerMonitor$ServerMonitorRunnable.lookupServerDescription(DefaultServerMonitor.java:221)
	at com.mongodb.internal.connection.DefaultServerMonitor$ServerMonitorRunnable.run(DefaultServerMonitor.java:157)
	at java.base/java.lang.Thread.run(Thread.java:1583)
Caused by: java.net.SocketTimeoutException: Read timed out
	at java.base/sun.nio.ch.NioSocketImpl.timedRead(NioSocketImpl.java:278)
	at java.base/sun.nio.ch.NioSocketImpl.implRead(NioSocketImpl.java:304)
	at java.base/sun.nio.ch.NioSocketImpl.read(NioSocketImpl.java:346)
	at java.base/sun.nio.ch.NioSocketImpl$1.read(NioSocketImpl.java:796)
	at java.base/java.net.Socket$SocketInputStream.read(Socket.java:1109)
	at java.base/sun.security.ssl.SSLSocketInputRecord.read(SSLSocketInputRecord.java:489)
	at java.base/sun.security.ssl.SSLSocketInputRecord.readHeader(SSLSocketInputRecord.java:483)
	at java.base/sun.security.ssl.SSLSocketInputRecord.bytesInCompletePacket(SSLSocketInputRecord.java:70)
	at java.base/sun.security.ssl.SSLSocketImpl.readApplicationRecord(SSLSocketImpl.java:1461)
	at java.base/sun.security.ssl.SSLSocketImpl$AppInputStream.read(SSLSocketImpl.java:1066)
	at com.mongodb.internal.connection.SocketStream.read(SocketStream.java:110)
	at com.mongodb.internal.connection.SocketStream.read(SocketStream.java:135)
	at com.mongodb.internal.connection.InternalStreamConnection.receiveResponseBuffers(InternalStreamConnection.java:713)
	at com.mongodb.internal.connection.InternalStreamConnection.receiveMessageWithAdditionalTimeout(InternalStreamConnection.java:571)
	... 5 common frames omitted
25-08-29 23:42:22:407 [cluster-ClusterId{value='68b1a9964e1de51b0fa5198f', description='null'}-ac-0rtaqwp-shard-00-00.dppopie.mongodb.net:27017] INFO  org.mongodb.driver.cluster - Exception in monitor thread while connecting to server ac-0rtaqwp-shard-00-00.dppopie.mongodb.net:27017
com.mongodb.MongoSocketReadTimeoutException: Timeout while receiving message
	at com.mongodb.internal.connection.InternalStreamConnection.translateReadException(InternalStreamConnection.java:696)
	at com.mongodb.internal.connection.InternalStreamConnection.receiveMessageWithAdditionalTimeout(InternalStreamConnection.java:574)
	at com.mongodb.internal.connection.InternalStreamConnection.receiveCommandMessageResponse(InternalStreamConnection.java:410)
	at com.mongodb.internal.connection.InternalStreamConnection.receive(InternalStreamConnection.java:369)
	at com.mongodb.internal.connection.DefaultServerMonitor$ServerMonitorRunnable.lookupServerDescription(DefaultServerMonitor.java:221)
	at com.mongodb.internal.connection.DefaultServerMonitor$ServerMonitorRunnable.run(DefaultServerMonitor.java:157)
	at java.base/java.lang.Thread.run(Thread.java:1583)
Caused by: java.net.SocketTimeoutException: Read timed out
	at java.base/sun.nio.ch.NioSocketImpl.timedRead(NioSocketImpl.java:278)
	at java.base/sun.nio.ch.NioSocketImpl.implRead(NioSocketImpl.java:304)
	at java.base/sun.nio.ch.NioSocketImpl.read(NioSocketImpl.java:346)
	at java.base/sun.nio.ch.NioSocketImpl$1.read(NioSocketImpl.java:796)
	at java.base/java.net.Socket$SocketInputStream.read(Socket.java:1109)
	at java.base/sun.security.ssl.SSLSocketInputRecord.read(SSLSocketInputRecord.java:489)
	at java.base/sun.security.ssl.SSLSocketInputRecord.readHeader(SSLSocketInputRecord.java:483)
	at java.base/sun.security.ssl.SSLSocketInputRecord.bytesInCompletePacket(SSLSocketInputRecord.java:70)
	at java.base/sun.security.ssl.SSLSocketImpl.readApplicationRecord(SSLSocketImpl.java:1461)
	at java.base/sun.security.ssl.SSLSocketImpl$AppInputStream.read(SSLSocketImpl.java:1066)
	at com.mongodb.internal.connection.SocketStream.read(SocketStream.java:110)
	at com.mongodb.internal.connection.SocketStream.read(SocketStream.java:135)
	at com.mongodb.internal.connection.InternalStreamConnection.receiveResponseBuffers(InternalStreamConnection.java:713)
	at com.mongodb.internal.connection.InternalStreamConnection.receiveMessageWithAdditionalTimeout(InternalStreamConnection.java:571)
	... 5 common frames omitted
25-08-29 23:42:22:410 [cluster-ClusterId{value='68b1a9964e1de51b0fa5198f', description='null'}-ac-0rtaqwp-shard-00-02.dppopie.mongodb.net:27017] INFO  org.mongodb.driver.cluster - Exception in monitor thread while connecting to server ac-0rtaqwp-shard-00-02.dppopie.mongodb.net:27017
com.mongodb.MongoSocketReadTimeoutException: Timeout while receiving message
	at com.mongodb.internal.connection.InternalStreamConnection.translateReadException(InternalStreamConnection.java:696)
	at com.mongodb.internal.connection.InternalStreamConnection.receiveMessageWithAdditionalTimeout(InternalStreamConnection.java:574)
	at com.mongodb.internal.connection.InternalStreamConnection.receiveCommandMessageResponse(InternalStreamConnection.java:410)
	at com.mongodb.internal.connection.InternalStreamConnection.receive(InternalStreamConnection.java:369)
	at com.mongodb.internal.connection.DefaultServerMonitor$ServerMonitorRunnable.lookupServerDescription(DefaultServerMonitor.java:221)
	at com.mongodb.internal.connection.DefaultServerMonitor$ServerMonitorRunnable.run(DefaultServerMonitor.java:157)
	at java.base/java.lang.Thread.run(Thread.java:1583)
Caused by: java.net.SocketTimeoutException: Read timed out
	at java.base/sun.nio.ch.NioSocketImpl.timedRead(NioSocketImpl.java:278)
	at java.base/sun.nio.ch.NioSocketImpl.implRead(NioSocketImpl.java:304)
	at java.base/sun.nio.ch.NioSocketImpl.read(NioSocketImpl.java:346)
	at java.base/sun.nio.ch.NioSocketImpl$1.read(NioSocketImpl.java:796)
	at java.base/java.net.Socket$SocketInputStream.read(Socket.java:1109)
	at java.base/sun.security.ssl.SSLSocketInputRecord.read(SSLSocketInputRecord.java:489)
	at java.base/sun.security.ssl.SSLSocketInputRecord.readHeader(SSLSocketInputRecord.java:483)
	at java.base/sun.security.ssl.SSLSocketInputRecord.bytesInCompletePacket(SSLSocketInputRecord.java:70)
	at java.base/sun.security.ssl.SSLSocketImpl.readApplicationRecord(SSLSocketImpl.java:1461)
	at java.base/sun.security.ssl.SSLSocketImpl$AppInputStream.read(SSLSocketImpl.java:1066)
	at com.mongodb.internal.connection.SocketStream.read(SocketStream.java:110)
	at com.mongodb.internal.connection.SocketStream.read(SocketStream.java:135)
	at com.mongodb.internal.connection.InternalStreamConnection.receiveResponseBuffers(InternalStreamConnection.java:713)
	at com.mongodb.internal.connection.InternalStreamConnection.receiveMessageWithAdditionalTimeout(InternalStreamConnection.java:571)
	... 5 common frames omitted
25-08-29 23:42:23:523 [cluster-ClusterId{value='68b1a9964e1de51b0fa5198f', description='null'}-ac-0rtaqwp-shard-00-00.dppopie.mongodb.net:27017] INFO  org.mongodb.driver.connection - Opened connection [connectionId{localValue:11, serverValue:69370}] to ac-0rtaqwp-shard-00-00.dppopie.mongodb.net:27017
25-08-29 23:42:23:528 [cluster-ClusterId{value='68b1a9964e1de51b0fa5198f', description='null'}-ac-0rtaqwp-shard-00-02.dppopie.mongodb.net:27017] INFO  org.mongodb.driver.connection - Opened connection [connectionId{localValue:10, serverValue:72177}] to ac-0rtaqwp-shard-00-02.dppopie.mongodb.net:27017
25-08-29 23:42:23:544 [cluster-ClusterId{value='68b1a9964e1de51b0fa5198f', description='null'}-ac-0rtaqwp-shard-00-02.dppopie.mongodb.net:27017] INFO  org.mongodb.driver.cluster - Monitor thread successfully connected to server with description ServerDescription{address=ac-0rtaqwp-shard-00-02.dppopie.mongodb.net:27017, type=REPLICA_SET_PRIMARY, state=CONNECTED, ok=true, minWireVersion=0, maxWireVersion=25, maxDocumentSize=16777216, logicalSessionTimeoutMinutes=30, roundTripTimeNanos=205392100, setName='atlas-69eacf-shard-0', canonicalAddress=ac-0rtaqwp-shard-00-02.dppopie.mongodb.net:27017, hosts=[ac-0rtaqwp-shard-00-02.dppopie.mongodb.net:27017, ac-0rtaqwp-shard-00-01.dppopie.mongodb.net:27017, ac-0rtaqwp-shard-00-00.dppopie.mongodb.net:27017], passives=[], arbiters=[], primary='ac-0rtaqwp-shard-00-02.dppopie.mongodb.net:27017', tagSet=TagSet{[Tag{name='availabilityZone', value='aps1-az2'}, Tag{name='diskState', value='READY'}, Tag{name='nodeType', value='ELECTABLE'}, Tag{name='provider', value='AWS'}, Tag{name='region', value='AP_SOUTH_1'}, Tag{name='workloadType', value='OPERATIONAL'}]}, electionId=7fffffff000000000000004b, setVersion=22, topologyVersion=TopologyVersion{processId=68ae1896cc89db2b52e2d61b, counter=6}, lastWriteDate=Fri Aug 29 23:42:23 IST 2025, lastUpdateTimeNanos=29329434020000}
25-08-29 23:42:23:546 [cluster-ClusterId{value='68b1a9964e1de51b0fa5198f', description='null'}-ac-0rtaqwp-shard-00-02.dppopie.mongodb.net:27017] INFO  org.mongodb.driver.cluster - Discovered replica set primary ac-0rtaqwp-shard-00-02.dppopie.mongodb.net:27017
25-08-29 23:42:23:567 [cluster-ClusterId{value='68b1a9964e1de51b0fa5198f', description='null'}-ac-0rtaqwp-shard-00-01.dppopie.mongodb.net:27017] INFO  org.mongodb.driver.connection - Opened connection [connectionId{localValue:12, serverValue:65052}] to ac-0rtaqwp-shard-00-01.dppopie.mongodb.net:27017
25-08-29 23:42:23:568 [cluster-ClusterId{value='68b1a9964e1de51b0fa5198f', description='null'}-ac-0rtaqwp-shard-00-01.dppopie.mongodb.net:27017] INFO  org.mongodb.driver.cluster - Monitor thread successfully connected to server with description ServerDescription{address=ac-0rtaqwp-shard-00-01.dppopie.mongodb.net:27017, type=REPLICA_SET_SECONDARY, state=CONNECTED, ok=true, minWireVersion=0, maxWireVersion=25, maxDocumentSize=16777216, logicalSessionTimeoutMinutes=30, roundTripTimeNanos=231562700, setName='atlas-69eacf-shard-0', canonicalAddress=ac-0rtaqwp-shard-00-01.dppopie.mongodb.net:27017, hosts=[ac-0rtaqwp-shard-00-02.dppopie.mongodb.net:27017, ac-0rtaqwp-shard-00-01.dppopie.mongodb.net:27017, ac-0rtaqwp-shard-00-00.dppopie.mongodb.net:27017], passives=[], arbiters=[], primary='ac-0rtaqwp-shard-00-02.dppopie.mongodb.net:27017', tagSet=TagSet{[Tag{name='availabilityZone', value='aps1-az3'}, Tag{name='diskState', value='READY'}, Tag{name='nodeType', value='ELECTABLE'}, Tag{name='provider', value='AWS'}, Tag{name='region', value='AP_SOUTH_1'}, Tag{name='workloadType', value='OPERATIONAL'}]}, electionId=null, setVersion=22, topologyVersion=TopologyVersion{processId=68ae1a40f7dc92b4c74c8593, counter=3}, lastWriteDate=Fri Aug 29 23:42:23 IST 2025, lastUpdateTimeNanos=29329473585300}
25-08-29 23:42:23:586 [cluster-ClusterId{value='68b1a9964e1de51b0fa5198f', description='null'}-ac-0rtaqwp-shard-00-00.dppopie.mongodb.net:27017] INFO  org.mongodb.driver.cluster - Monitor thread successfully connected to server with description ServerDescription{address=ac-0rtaqwp-shard-00-00.dppopie.mongodb.net:27017, type=REPLICA_SET_SECONDARY, state=CONNECTED, ok=true, minWireVersion=0, maxWireVersion=25, maxDocumentSize=16777216, logicalSessionTimeoutMinutes=30, roundTripTimeNanos=211499000, setName='atlas-69eacf-shard-0', canonicalAddress=ac-0rtaqwp-shard-00-00.dppopie.mongodb.net:27017, hosts=[ac-0rtaqwp-shard-00-02.dppopie.mongodb.net:27017, ac-0rtaqwp-shard-00-01.dppopie.mongodb.net:27017, ac-0rtaqwp-shard-00-00.dppopie.mongodb.net:27017], passives=[], arbiters=[], primary='ac-0rtaqwp-shard-00-02.dppopie.mongodb.net:27017', tagSet=TagSet{[Tag{name='availabilityZone', value='aps1-az1'}, Tag{name='diskState', value='READY'}, Tag{name='nodeType', value='ELECTABLE'}, Tag{name='provider', value='AWS'}, Tag{name='region', value='AP_SOUTH_1'}, Tag{name='workloadType', value='OPERATIONAL'}]}, electionId=null, setVersion=22, topologyVersion=TopologyVersion{processId=68ae15570e2a90a19e6e451a, counter=4}, lastWriteDate=Fri Aug 29 23:42:23 IST 2025, lastUpdateTimeNanos=29329429256700}
25-08-29 23:42:32:783 [cluster-rtt-ClusterId{value='68b1a9964e1de51b0fa5198f', description='null'}-ac-0rtaqwp-shard-00-00.dppopie.mongodb.net:27017] INFO  org.mongodb.driver.connection - Opened connection [connectionId{localValue:13, serverValue:69371}] to ac-0rtaqwp-shard-00-00.dppopie.mongodb.net:27017
25-08-29 23:42:32:997 [cluster-rtt-ClusterId{value='68b1a9964e1de51b0fa5198f', description='null'}-ac-0rtaqwp-shard-00-01.dppopie.mongodb.net:27017] INFO  org.mongodb.driver.connection - Opened connection [connectionId{localValue:15, serverValue:65049}] to ac-0rtaqwp-shard-00-01.dppopie.mongodb.net:27017
25-08-29 23:42:33:007 [cluster-rtt-ClusterId{value='68b1a9964e1de51b0fa5198f', description='null'}-ac-0rtaqwp-shard-00-02.dppopie.mongodb.net:27017] INFO  org.mongodb.driver.connection - Opened connection [connectionId{localValue:14, serverValue:72176}] to ac-0rtaqwp-shard-00-02.dppopie.mongodb.net:27017
