25-08-11 21:36:09:186 [cluster-ClusterId{value='689a134c6bd29b4967de7c53', description='null'}-ac-0rtaqwp-shard-00-00.dppopie.mongodb.net:27017] INFO  org.mongodb.driver.cluster - Exception in monitor thread while connecting to server ac-0rtaqwp-shard-00-00.dppopie.mongodb.net:27017
com.mongodb.MongoSocketReadTimeoutException: Timeout while receiving message
	at com.mongodb.internal.connection.InternalStreamConnection.translateReadException(InternalStreamConnection.java:696)
	at com.mongodb.internal.connection.InternalStreamConnection.receiveMessageWithAdditionalTimeout(InternalStreamConnection.java:574)
	at com.mongodb.internal.connection.InternalStreamConnection.receiveCommandMessageResponse(InternalStreamConnection.java:410)
	at com.mongodb.internal.connection.InternalStreamConnection.receive(InternalStreamConnection.java:369)
	at com.mongodb.internal.connection.DefaultServerMonitor$ServerMonitorRunnable.lookupServerDescription(DefaultServerMonitor.java:221)
	at com.mongodb.internal.connection.DefaultServerMonitor$ServerMonitorRunnable.run(DefaultServerMonitor.java:157)
	at java.base/java.lang.Thread.run(Thread.java:1583)
Caused by: java.net.SocketTimeoutException: Read timed out
	at java.base/sun.nio.ch.NioSocketImpl.timedRead(NioSocketImpl.java:278)
	at java.base/sun.nio.ch.NioSocketImpl.implRead(NioSocketImpl.java:304)
	at java.base/sun.nio.ch.NioSocketImpl.read(NioSocketImpl.java:346)
	at java.base/sun.nio.ch.NioSocketImpl$1.read(NioSocketImpl.java:796)
	at java.base/java.net.Socket$SocketInputStream.read(Socket.java:1109)
	at java.base/sun.security.ssl.SSLSocketInputRecord.read(SSLSocketInputRecord.java:489)
	at java.base/sun.security.ssl.SSLSocketInputRecord.readHeader(SSLSocketInputRecord.java:483)
	at java.base/sun.security.ssl.SSLSocketInputRecord.bytesInCompletePacket(SSLSocketInputRecord.java:70)
	at java.base/sun.security.ssl.SSLSocketImpl.readApplicationRecord(SSLSocketImpl.java:1461)
	at java.base/sun.security.ssl.SSLSocketImpl$AppInputStream.read(SSLSocketImpl.java:1066)
	at com.mongodb.internal.connection.SocketStream.read(SocketStream.java:110)
	at com.mongodb.internal.connection.SocketStream.read(SocketStream.java:135)
	at com.mongodb.internal.connection.InternalStreamConnection.receiveResponseBuffers(InternalStreamConnection.java:713)
	at com.mongodb.internal.connection.InternalStreamConnection.receiveMessageWithAdditionalTimeout(InternalStreamConnection.java:571)
	... 5 common frames omitted
25-08-11 21:36:09:186 [cluster-ClusterId{value='689a134c6bd29b4967de7c53', description='null'}-ac-0rtaqwp-shard-00-01.dppopie.mongodb.net:27017] INFO  org.mongodb.driver.cluster - Exception in monitor thread while connecting to server ac-0rtaqwp-shard-00-01.dppopie.mongodb.net:27017
com.mongodb.MongoSocketReadTimeoutException: Timeout while receiving message
	at com.mongodb.internal.connection.InternalStreamConnection.translateReadException(InternalStreamConnection.java:696)
	at com.mongodb.internal.connection.InternalStreamConnection.receiveMessageWithAdditionalTimeout(InternalStreamConnection.java:574)
	at com.mongodb.internal.connection.InternalStreamConnection.receiveCommandMessageResponse(InternalStreamConnection.java:410)
	at com.mongodb.internal.connection.InternalStreamConnection.receive(InternalStreamConnection.java:369)
	at com.mongodb.internal.connection.DefaultServerMonitor$ServerMonitorRunnable.lookupServerDescription(DefaultServerMonitor.java:221)
	at com.mongodb.internal.connection.DefaultServerMonitor$ServerMonitorRunnable.run(DefaultServerMonitor.java:157)
	at java.base/java.lang.Thread.run(Thread.java:1583)
Caused by: java.net.SocketTimeoutException: Read timed out
	at java.base/sun.nio.ch.NioSocketImpl.timedRead(NioSocketImpl.java:278)
	at java.base/sun.nio.ch.NioSocketImpl.implRead(NioSocketImpl.java:304)
	at java.base/sun.nio.ch.NioSocketImpl.read(NioSocketImpl.java:346)
	at java.base/sun.nio.ch.NioSocketImpl$1.read(NioSocketImpl.java:796)
	at java.base/java.net.Socket$SocketInputStream.read(Socket.java:1109)
	at java.base/sun.security.ssl.SSLSocketInputRecord.read(SSLSocketInputRecord.java:489)
	at java.base/sun.security.ssl.SSLSocketInputRecord.readHeader(SSLSocketInputRecord.java:483)
	at java.base/sun.security.ssl.SSLSocketInputRecord.bytesInCompletePacket(SSLSocketInputRecord.java:70)
	at java.base/sun.security.ssl.SSLSocketImpl.readApplicationRecord(SSLSocketImpl.java:1461)
	at java.base/sun.security.ssl.SSLSocketImpl$AppInputStream.read(SSLSocketImpl.java:1066)
	at com.mongodb.internal.connection.SocketStream.read(SocketStream.java:110)
	at com.mongodb.internal.connection.SocketStream.read(SocketStream.java:135)
	at com.mongodb.internal.connection.InternalStreamConnection.receiveResponseBuffers(InternalStreamConnection.java:713)
	at com.mongodb.internal.connection.InternalStreamConnection.receiveMessageWithAdditionalTimeout(InternalStreamConnection.java:571)
	... 5 common frames omitted
25-08-11 21:36:09:213 [cluster-ClusterId{value='689a134c6bd29b4967de7c53', description='null'}-ac-0rtaqwp-shard-00-02.dppopie.mongodb.net:27017] INFO  org.mongodb.driver.cluster - Exception in monitor thread while connecting to server ac-0rtaqwp-shard-00-02.dppopie.mongodb.net:27017
com.mongodb.MongoSocketReadTimeoutException: Timeout while receiving message
	at com.mongodb.internal.connection.InternalStreamConnection.translateReadException(InternalStreamConnection.java:696)
	at com.mongodb.internal.connection.InternalStreamConnection.receiveMessageWithAdditionalTimeout(InternalStreamConnection.java:574)
	at com.mongodb.internal.connection.InternalStreamConnection.receiveCommandMessageResponse(InternalStreamConnection.java:410)
	at com.mongodb.internal.connection.InternalStreamConnection.receive(InternalStreamConnection.java:369)
	at com.mongodb.internal.connection.DefaultServerMonitor$ServerMonitorRunnable.lookupServerDescription(DefaultServerMonitor.java:221)
	at com.mongodb.internal.connection.DefaultServerMonitor$ServerMonitorRunnable.run(DefaultServerMonitor.java:157)
	at java.base/java.lang.Thread.run(Thread.java:1583)
Caused by: java.net.SocketTimeoutException: Read timed out
	at java.base/sun.nio.ch.NioSocketImpl.timedRead(NioSocketImpl.java:278)
	at java.base/sun.nio.ch.NioSocketImpl.implRead(NioSocketImpl.java:304)
	at java.base/sun.nio.ch.NioSocketImpl.read(NioSocketImpl.java:346)
	at java.base/sun.nio.ch.NioSocketImpl$1.read(NioSocketImpl.java:796)
	at java.base/java.net.Socket$SocketInputStream.read(Socket.java:1109)
	at java.base/sun.security.ssl.SSLSocketInputRecord.read(SSLSocketInputRecord.java:489)
	at java.base/sun.security.ssl.SSLSocketInputRecord.readHeader(SSLSocketInputRecord.java:483)
	at java.base/sun.security.ssl.SSLSocketInputRecord.bytesInCompletePacket(SSLSocketInputRecord.java:70)
	at java.base/sun.security.ssl.SSLSocketImpl.readApplicationRecord(SSLSocketImpl.java:1461)
	at java.base/sun.security.ssl.SSLSocketImpl$AppInputStream.read(SSLSocketImpl.java:1066)
	at com.mongodb.internal.connection.SocketStream.read(SocketStream.java:110)
	at com.mongodb.internal.connection.SocketStream.read(SocketStream.java:135)
	at com.mongodb.internal.connection.InternalStreamConnection.receiveResponseBuffers(InternalStreamConnection.java:713)
	at com.mongodb.internal.connection.InternalStreamConnection.receiveMessageWithAdditionalTimeout(InternalStreamConnection.java:571)
	... 5 common frames omitted
25-08-11 21:36:21:238 [cluster-ClusterId{value='689a134c6bd29b4967de7c53', description='null'}-ac-0rtaqwp-shard-00-01.dppopie.mongodb.net:27017] INFO  org.mongodb.driver.cluster - Exception in monitor thread while connecting to server ac-0rtaqwp-shard-00-01.dppopie.mongodb.net:27017
com.mongodb.MongoSocketException: No such host is known (ac-0rtaqwp-shard-00-01.dppopie.mongodb.net)
	at com.mongodb.ServerAddress.getSocketAddresses(ServerAddress.java:217)
	at com.mongodb.internal.connection.SocketStream.initializeSocket(SocketStream.java:75)
	at com.mongodb.internal.connection.SocketStream.open(SocketStream.java:65)
	at com.mongodb.internal.connection.InternalStreamConnection.open(InternalStreamConnection.java:180)
	at com.mongodb.internal.connection.DefaultServerMonitor$ServerMonitorRunnable.lookupServerDescription(DefaultServerMonitor.java:193)
	at com.mongodb.internal.connection.DefaultServerMonitor$ServerMonitorRunnable.run(DefaultServerMonitor.java:157)
	at java.base/java.lang.Thread.run(Thread.java:1583)
Caused by: java.net.UnknownHostException: No such host is known (ac-0rtaqwp-shard-00-01.dppopie.mongodb.net)
	at java.base/java.net.Inet6AddressImpl.lookupAllHostAddr(Native Method)
	at java.base/java.net.Inet6AddressImpl.lookupAllHostAddr(Inet6AddressImpl.java:52)
	at java.base/java.net.InetAddress$PlatformResolver.lookupByName(InetAddress.java:1211)
	at java.base/java.net.InetAddress.getAddressesFromNameService(InetAddress.java:1828)
	at java.base/java.net.InetAddress$NameServiceAddresses.get(InetAddress.java:1139)
	at java.base/java.net.InetAddress.getAllByName0(InetAddress.java:1818)
	at java.base/java.net.InetAddress.getAllByName(InetAddress.java:1688)
	at com.mongodb.ServerAddress.getSocketAddresses(ServerAddress.java:209)
	... 6 common frames omitted
25-08-11 21:36:21:238 [cluster-ClusterId{value='689a134c6bd29b4967de7c53', description='null'}-ac-0rtaqwp-shard-00-00.dppopie.mongodb.net:27017] INFO  org.mongodb.driver.cluster - Exception in monitor thread while connecting to server ac-0rtaqwp-shard-00-00.dppopie.mongodb.net:27017
com.mongodb.MongoSocketException: No such host is known (ac-0rtaqwp-shard-00-00.dppopie.mongodb.net)
	at com.mongodb.ServerAddress.getSocketAddresses(ServerAddress.java:217)
	at com.mongodb.internal.connection.SocketStream.initializeSocket(SocketStream.java:75)
	at com.mongodb.internal.connection.SocketStream.open(SocketStream.java:65)
	at com.mongodb.internal.connection.InternalStreamConnection.open(InternalStreamConnection.java:180)
	at com.mongodb.internal.connection.DefaultServerMonitor$ServerMonitorRunnable.lookupServerDescription(DefaultServerMonitor.java:193)
	at com.mongodb.internal.connection.DefaultServerMonitor$ServerMonitorRunnable.run(DefaultServerMonitor.java:157)
	at java.base/java.lang.Thread.run(Thread.java:1583)
Caused by: java.net.UnknownHostException: No such host is known (ac-0rtaqwp-shard-00-00.dppopie.mongodb.net)
	at java.base/java.net.Inet6AddressImpl.lookupAllHostAddr(Native Method)
	at java.base/java.net.Inet6AddressImpl.lookupAllHostAddr(Inet6AddressImpl.java:52)
	at java.base/java.net.InetAddress$PlatformResolver.lookupByName(InetAddress.java:1211)
	at java.base/java.net.InetAddress.getAddressesFromNameService(InetAddress.java:1828)
	at java.base/java.net.InetAddress$NameServiceAddresses.get(InetAddress.java:1139)
	at java.base/java.net.InetAddress.getAllByName0(InetAddress.java:1818)
	at java.base/java.net.InetAddress.getAllByName(InetAddress.java:1688)
	at com.mongodb.ServerAddress.getSocketAddresses(ServerAddress.java:209)
	... 6 common frames omitted
25-08-11 21:36:21:252 [cluster-ClusterId{value='689a134c6bd29b4967de7c53', description='null'}-ac-0rtaqwp-shard-00-02.dppopie.mongodb.net:27017] INFO  org.mongodb.driver.cluster - Exception in monitor thread while connecting to server ac-0rtaqwp-shard-00-02.dppopie.mongodb.net:27017
com.mongodb.MongoSocketException: No such host is known (ac-0rtaqwp-shard-00-02.dppopie.mongodb.net)
	at com.mongodb.ServerAddress.getSocketAddresses(ServerAddress.java:217)
	at com.mongodb.internal.connection.SocketStream.initializeSocket(SocketStream.java:75)
	at com.mongodb.internal.connection.SocketStream.open(SocketStream.java:65)
	at com.mongodb.internal.connection.InternalStreamConnection.open(InternalStreamConnection.java:180)
	at com.mongodb.internal.connection.DefaultServerMonitor$ServerMonitorRunnable.lookupServerDescription(DefaultServerMonitor.java:193)
	at com.mongodb.internal.connection.DefaultServerMonitor$ServerMonitorRunnable.run(DefaultServerMonitor.java:157)
	at java.base/java.lang.Thread.run(Thread.java:1583)
Caused by: java.net.UnknownHostException: No such host is known (ac-0rtaqwp-shard-00-02.dppopie.mongodb.net)
	at java.base/java.net.Inet6AddressImpl.lookupAllHostAddr(Native Method)
	at java.base/java.net.Inet6AddressImpl.lookupAllHostAddr(Inet6AddressImpl.java:52)
	at java.base/java.net.InetAddress$PlatformResolver.lookupByName(InetAddress.java:1211)
	at java.base/java.net.InetAddress.getAddressesFromNameService(InetAddress.java:1828)
	at java.base/java.net.InetAddress$NameServiceAddresses.get(InetAddress.java:1139)
	at java.base/java.net.InetAddress.getAllByName0(InetAddress.java:1818)
	at java.base/java.net.InetAddress.getAllByName(InetAddress.java:1688)
	at com.mongodb.ServerAddress.getSocketAddresses(ServerAddress.java:209)
	... 6 common frames omitted
25-08-11 21:36:31:241 [cluster-ClusterId{value='689a134c6bd29b4967de7c53', description='null'}-ac-0rtaqwp-shard-00-00.dppopie.mongodb.net:27017] INFO  org.mongodb.driver.cluster - Exception in monitor thread while connecting to server ac-0rtaqwp-shard-00-00.dppopie.mongodb.net:27017
com.mongodb.MongoSocketException: ac-0rtaqwp-shard-00-00.dppopie.mongodb.net
	at com.mongodb.ServerAddress.getSocketAddresses(ServerAddress.java:217)
	at com.mongodb.internal.connection.SocketStream.initializeSocket(SocketStream.java:75)
	at com.mongodb.internal.connection.SocketStream.open(SocketStream.java:65)
	at com.mongodb.internal.connection.InternalStreamConnection.open(InternalStreamConnection.java:180)
	at com.mongodb.internal.connection.DefaultServerMonitor$ServerMonitorRunnable.lookupServerDescription(DefaultServerMonitor.java:193)
	at com.mongodb.internal.connection.DefaultServerMonitor$ServerMonitorRunnable.run(DefaultServerMonitor.java:157)
	at java.base/java.lang.Thread.run(Thread.java:1583)
Caused by: java.net.UnknownHostException: ac-0rtaqwp-shard-00-00.dppopie.mongodb.net
	at java.base/java.net.InetAddress$CachedLookup.get(InetAddress.java:988)
	at java.base/java.net.InetAddress.getAllByName0(InetAddress.java:1818)
	at java.base/java.net.InetAddress.getAllByName(InetAddress.java:1688)
	at com.mongodb.ServerAddress.getSocketAddresses(ServerAddress.java:209)
	... 6 common frames omitted
25-08-11 21:36:31:256 [cluster-ClusterId{value='689a134c6bd29b4967de7c53', description='null'}-ac-0rtaqwp-shard-00-02.dppopie.mongodb.net:27017] INFO  org.mongodb.driver.cluster - Exception in monitor thread while connecting to server ac-0rtaqwp-shard-00-02.dppopie.mongodb.net:27017
com.mongodb.MongoSocketException: ac-0rtaqwp-shard-00-02.dppopie.mongodb.net
	at com.mongodb.ServerAddress.getSocketAddresses(ServerAddress.java:217)
	at com.mongodb.internal.connection.SocketStream.initializeSocket(SocketStream.java:75)
	at com.mongodb.internal.connection.SocketStream.open(SocketStream.java:65)
	at com.mongodb.internal.connection.InternalStreamConnection.open(InternalStreamConnection.java:180)
	at com.mongodb.internal.connection.DefaultServerMonitor$ServerMonitorRunnable.lookupServerDescription(DefaultServerMonitor.java:193)
	at com.mongodb.internal.connection.DefaultServerMonitor$ServerMonitorRunnable.run(DefaultServerMonitor.java:157)
	at java.base/java.lang.Thread.run(Thread.java:1583)
Caused by: java.net.UnknownHostException: ac-0rtaqwp-shard-00-02.dppopie.mongodb.net
	at java.base/java.net.InetAddress$CachedLookup.get(InetAddress.java:988)
	at java.base/java.net.InetAddress.getAllByName0(InetAddress.java:1818)
	at java.base/java.net.InetAddress.getAllByName(InetAddress.java:1688)
	at com.mongodb.ServerAddress.getSocketAddresses(ServerAddress.java:209)
	... 6 common frames omitted
25-08-11 21:36:37:011 [cluster-rtt-ClusterId{value='689a134c6bd29b4967de7c53', description='null'}-ac-0rtaqwp-shard-00-00.dppopie.mongodb.net:27017] INFO  org.mongodb.driver.connection - Opened connection [connectionId{localValue:15, serverValue:123522}] to ac-0rtaqwp-shard-00-00.dppopie.mongodb.net:27017
25-08-11 21:36:37:679 [cluster-rtt-ClusterId{value='689a134c6bd29b4967de7c53', description='null'}-ac-0rtaqwp-shard-00-02.dppopie.mongodb.net:27017] INFO  org.mongodb.driver.connection - Opened connection [connectionId{localValue:18, serverValue:118828}] to ac-0rtaqwp-shard-00-02.dppopie.mongodb.net:27017
25-08-11 21:36:39:894 [cluster-ClusterId{value='689a134c6bd29b4967de7c53', description='null'}-ac-0rtaqwp-shard-00-01.dppopie.mongodb.net:27017] INFO  org.mongodb.driver.connection - Opened connection [connectionId{localValue:17, serverValue:130918}] to ac-0rtaqwp-shard-00-01.dppopie.mongodb.net:27017
25-08-11 21:36:39:895 [cluster-ClusterId{value='689a134c6bd29b4967de7c53', description='null'}-ac-0rtaqwp-shard-00-01.dppopie.mongodb.net:27017] INFO  org.mongodb.driver.cluster - Monitor thread successfully connected to server with description ServerDescription{address=ac-0rtaqwp-shard-00-01.dppopie.mongodb.net:27017, type=REPLICA_SET_PRIMARY, state=CONNECTED, ok=true, minWireVersion=0, maxWireVersion=25, maxDocumentSize=16777216, logicalSessionTimeoutMinutes=30, roundTripTimeNanos=319987600, setName='atlas-69eacf-shard-0', canonicalAddress=ac-0rtaqwp-shard-00-01.dppopie.mongodb.net:27017, hosts=[ac-0rtaqwp-shard-00-02.dppopie.mongodb.net:27017, ac-0rtaqwp-shard-00-01.dppopie.mongodb.net:27017, ac-0rtaqwp-shard-00-00.dppopie.mongodb.net:27017], passives=[], arbiters=[], primary='ac-0rtaqwp-shard-00-01.dppopie.mongodb.net:27017', tagSet=TagSet{[Tag{name='availabilityZone', value='aps1-az3'}, Tag{name='diskState', value='READY'}, Tag{name='nodeType', value='ELECTABLE'}, Tag{name='provider', value='AWS'}, Tag{name='region', value='AP_SOUTH_1'}, Tag{name='workloadType', value='OPERATIONAL'}]}, electionId=7fffffff0000000000000048, setVersion=22, topologyVersion=TopologyVersion{processId=68926a27cd72b504d31a22bd, counter=6}, lastWriteDate=Mon Aug 11 21:36:39 IST 2025, lastUpdateTimeNanos=38986030848200}
25-08-11 21:36:39:895 [cluster-ClusterId{value='689a134c6bd29b4967de7c53', description='null'}-ac-0rtaqwp-shard-00-01.dppopie.mongodb.net:27017] INFO  org.mongodb.driver.cluster - Discovered replica set primary ac-0rtaqwp-shard-00-01.dppopie.mongodb.net:27017
25-08-11 21:36:39:933 [cluster-rtt-ClusterId{value='689a134c6bd29b4967de7c53', description='null'}-ac-0rtaqwp-shard-00-01.dppopie.mongodb.net:27017] INFO  org.mongodb.driver.connection - Opened connection [connectionId{localValue:14, serverValue:130907}] to ac-0rtaqwp-shard-00-01.dppopie.mongodb.net:27017
25-08-11 21:36:41:838 [cluster-ClusterId{value='689a134c6bd29b4967de7c53', description='null'}-ac-0rtaqwp-shard-00-02.dppopie.mongodb.net:27017] INFO  org.mongodb.driver.connection - Opened connection [connectionId{localValue:21, serverValue:118827}] to ac-0rtaqwp-shard-00-02.dppopie.mongodb.net:27017
25-08-11 21:36:41:839 [cluster-ClusterId{value='689a134c6bd29b4967de7c53', description='null'}-ac-0rtaqwp-shard-00-00.dppopie.mongodb.net:27017] INFO  org.mongodb.driver.connection - Opened connection [connectionId{localValue:20, serverValue:123522}] to ac-0rtaqwp-shard-00-00.dppopie.mongodb.net:27017
25-08-11 21:36:41:839 [cluster-ClusterId{value='689a134c6bd29b4967de7c53', description='null'}-ac-0rtaqwp-shard-00-02.dppopie.mongodb.net:27017] INFO  org.mongodb.driver.cluster - Monitor thread successfully connected to server with description ServerDescription{address=ac-0rtaqwp-shard-00-02.dppopie.mongodb.net:27017, type=REPLICA_SET_SECONDARY, state=CONNECTED, ok=true, minWireVersion=0, maxWireVersion=25, maxDocumentSize=16777216, logicalSessionTimeoutMinutes=30, roundTripTimeNanos=498481200, setName='atlas-69eacf-shard-0', canonicalAddress=ac-0rtaqwp-shard-00-02.dppopie.mongodb.net:27017, hosts=[ac-0rtaqwp-shard-00-02.dppopie.mongodb.net:27017, ac-0rtaqwp-shard-00-01.dppopie.mongodb.net:27017, ac-0rtaqwp-shard-00-00.dppopie.mongodb.net:27017], passives=[], arbiters=[], primary='ac-0rtaqwp-shard-00-01.dppopie.mongodb.net:27017', tagSet=TagSet{[Tag{name='availabilityZone', value='aps1-az2'}, Tag{name='diskState', value='READY'}, Tag{name='nodeType', value='ELECTABLE'}, Tag{name='provider', value='AWS'}, Tag{name='region', value='AP_SOUTH_1'}, Tag{name='workloadType', value='OPERATIONAL'}]}, electionId=null, setVersion=22, topologyVersion=TopologyVersion{processId=68926d44699f7925f3c9f1e2, counter=3}, lastWriteDate=Mon Aug 11 21:36:41 IST 2025, lastUpdateTimeNanos=38987975115900}
25-08-11 21:36:41:839 [cluster-ClusterId{value='689a134c6bd29b4967de7c53', description='null'}-ac-0rtaqwp-shard-00-00.dppopie.mongodb.net:27017] INFO  org.mongodb.driver.cluster - Monitor thread successfully connected to server with description ServerDescription{address=ac-0rtaqwp-shard-00-00.dppopie.mongodb.net:27017, type=REPLICA_SET_SECONDARY, state=CONNECTED, ok=true, minWireVersion=0, maxWireVersion=25, maxDocumentSize=16777216, logicalSessionTimeoutMinutes=30, roundTripTimeNanos=500838300, setName='atlas-69eacf-shard-0', canonicalAddress=ac-0rtaqwp-shard-00-00.dppopie.mongodb.net:27017, hosts=[ac-0rtaqwp-shard-00-02.dppopie.mongodb.net:27017, ac-0rtaqwp-shard-00-01.dppopie.mongodb.net:27017, ac-0rtaqwp-shard-00-00.dppopie.mongodb.net:27017], passives=[], arbiters=[], primary='ac-0rtaqwp-shard-00-01.dppopie.mongodb.net:27017', tagSet=TagSet{[Tag{name='availabilityZone', value='aps1-az1'}, Tag{name='diskState', value='READY'}, Tag{name='nodeType', value='ELECTABLE'}, Tag{name='provider', value='AWS'}, Tag{name='region', value='AP_SOUTH_1'}, Tag{name='workloadType', value='OPERATIONAL'}]}, electionId=null, setVersion=22, topologyVersion=TopologyVersion{processId=689267c08f0f00ecce33cbcf, counter=4}, lastWriteDate=Mon Aug 11 21:36:41 IST 2025, lastUpdateTimeNanos=38987975118000}
