25-08-18 21:00:28:019 [cluster-ClusterId{value='68a30845ee86a97862610f78', description='null'}-ac-0rtaqwp-shard-00-00.dppopie.mongodb.net:27017] INFO  org.mongodb.driver.cluster - Exception in monitor thread while connecting to server ac-0rtaqwp-shard-00-00.dppopie.mongodb.net:27017
com.mongodb.MongoSocketReadTimeoutException: Timeout while receiving message
	at com.mongodb.internal.connection.InternalStreamConnection.translateReadException(InternalStreamConnection.java:696)
	at com.mongodb.internal.connection.InternalStreamConnection.receiveMessageWithAdditionalTimeout(InternalStreamConnection.java:574)
	at com.mongodb.internal.connection.InternalStreamConnection.receiveCommandMessageResponse(InternalStreamConnection.java:410)
	at com.mongodb.internal.connection.InternalStreamConnection.receive(InternalStreamConnection.java:369)
	at com.mongodb.internal.connection.DefaultServerMonitor$ServerMonitorRunnable.lookupServerDescription(DefaultServerMonitor.java:221)
	at com.mongodb.internal.connection.DefaultServerMonitor$ServerMonitorRunnable.run(DefaultServerMonitor.java:157)
	at java.base/java.lang.Thread.run(Thread.java:1583)
Caused by: java.net.SocketTimeoutException: Read timed out
	at java.base/sun.nio.ch.NioSocketImpl.timedRead(NioSocketImpl.java:278)
	at java.base/sun.nio.ch.NioSocketImpl.implRead(NioSocketImpl.java:304)
	at java.base/sun.nio.ch.NioSocketImpl.read(NioSocketImpl.java:346)
	at java.base/sun.nio.ch.NioSocketImpl$1.read(NioSocketImpl.java:796)
	at java.base/java.net.Socket$SocketInputStream.read(Socket.java:1109)
	at java.base/sun.security.ssl.SSLSocketInputRecord.read(SSLSocketInputRecord.java:489)
	at java.base/sun.security.ssl.SSLSocketInputRecord.readHeader(SSLSocketInputRecord.java:483)
	at java.base/sun.security.ssl.SSLSocketInputRecord.bytesInCompletePacket(SSLSocketInputRecord.java:70)
	at java.base/sun.security.ssl.SSLSocketImpl.readApplicationRecord(SSLSocketImpl.java:1461)
	at java.base/sun.security.ssl.SSLSocketImpl$AppInputStream.read(SSLSocketImpl.java:1066)
	at com.mongodb.internal.connection.SocketStream.read(SocketStream.java:110)
	at com.mongodb.internal.connection.SocketStream.read(SocketStream.java:135)
	at com.mongodb.internal.connection.InternalStreamConnection.receiveResponseBuffers(InternalStreamConnection.java:713)
	at com.mongodb.internal.connection.InternalStreamConnection.receiveMessageWithAdditionalTimeout(InternalStreamConnection.java:571)
	... 5 common frames omitted
25-08-18 21:00:32:465 [cluster-ClusterId{value='68a30845ee86a97862610f78', description='null'}-ac-0rtaqwp-shard-00-02.dppopie.mongodb.net:27017] INFO  org.mongodb.driver.cluster - Exception in monitor thread while connecting to server ac-0rtaqwp-shard-00-02.dppopie.mongodb.net:27017
com.mongodb.MongoSocketReadTimeoutException: Timeout while receiving message
	at com.mongodb.internal.connection.InternalStreamConnection.translateReadException(InternalStreamConnection.java:696)
	at com.mongodb.internal.connection.InternalStreamConnection.receiveMessageWithAdditionalTimeout(InternalStreamConnection.java:574)
	at com.mongodb.internal.connection.InternalStreamConnection.receiveCommandMessageResponse(InternalStreamConnection.java:410)
	at com.mongodb.internal.connection.InternalStreamConnection.receive(InternalStreamConnection.java:369)
	at com.mongodb.internal.connection.DefaultServerMonitor$ServerMonitorRunnable.lookupServerDescription(DefaultServerMonitor.java:221)
	at com.mongodb.internal.connection.DefaultServerMonitor$ServerMonitorRunnable.run(DefaultServerMonitor.java:157)
	at java.base/java.lang.Thread.run(Thread.java:1583)
Caused by: java.net.SocketTimeoutException: Read timed out
	at java.base/sun.nio.ch.NioSocketImpl.timedRead(NioSocketImpl.java:278)
	at java.base/sun.nio.ch.NioSocketImpl.implRead(NioSocketImpl.java:304)
	at java.base/sun.nio.ch.NioSocketImpl.read(NioSocketImpl.java:346)
	at java.base/sun.nio.ch.NioSocketImpl$1.read(NioSocketImpl.java:796)
	at java.base/java.net.Socket$SocketInputStream.read(Socket.java:1109)
	at java.base/sun.security.ssl.SSLSocketInputRecord.read(SSLSocketInputRecord.java:489)
	at java.base/sun.security.ssl.SSLSocketInputRecord.readHeader(SSLSocketInputRecord.java:483)
	at java.base/sun.security.ssl.SSLSocketInputRecord.bytesInCompletePacket(SSLSocketInputRecord.java:70)
	at java.base/sun.security.ssl.SSLSocketImpl.readApplicationRecord(SSLSocketImpl.java:1461)
	at java.base/sun.security.ssl.SSLSocketImpl$AppInputStream.read(SSLSocketImpl.java:1066)
	at com.mongodb.internal.connection.SocketStream.read(SocketStream.java:110)
	at com.mongodb.internal.connection.SocketStream.read(SocketStream.java:135)
	at com.mongodb.internal.connection.InternalStreamConnection.receiveResponseBuffers(InternalStreamConnection.java:713)
	at com.mongodb.internal.connection.InternalStreamConnection.receiveMessageWithAdditionalTimeout(InternalStreamConnection.java:571)
	... 5 common frames omitted
25-08-18 21:00:32:472 [cluster-ClusterId{value='68a30845ee86a97862610f78', description='null'}-ac-0rtaqwp-shard-00-01.dppopie.mongodb.net:27017] INFO  org.mongodb.driver.cluster - Exception in monitor thread while connecting to server ac-0rtaqwp-shard-00-01.dppopie.mongodb.net:27017
com.mongodb.MongoSocketReadTimeoutException: Timeout while receiving message
	at com.mongodb.internal.connection.InternalStreamConnection.translateReadException(InternalStreamConnection.java:696)
	at com.mongodb.internal.connection.InternalStreamConnection.receiveMessageWithAdditionalTimeout(InternalStreamConnection.java:574)
	at com.mongodb.internal.connection.InternalStreamConnection.receiveCommandMessageResponse(InternalStreamConnection.java:410)
	at com.mongodb.internal.connection.InternalStreamConnection.receive(InternalStreamConnection.java:369)
	at com.mongodb.internal.connection.DefaultServerMonitor$ServerMonitorRunnable.lookupServerDescription(DefaultServerMonitor.java:221)
	at com.mongodb.internal.connection.DefaultServerMonitor$ServerMonitorRunnable.run(DefaultServerMonitor.java:157)
	at java.base/java.lang.Thread.run(Thread.java:1583)
Caused by: java.net.SocketTimeoutException: Read timed out
	at java.base/sun.nio.ch.NioSocketImpl.timedRead(NioSocketImpl.java:278)
	at java.base/sun.nio.ch.NioSocketImpl.implRead(NioSocketImpl.java:304)
	at java.base/sun.nio.ch.NioSocketImpl.read(NioSocketImpl.java:346)
	at java.base/sun.nio.ch.NioSocketImpl$1.read(NioSocketImpl.java:796)
	at java.base/java.net.Socket$SocketInputStream.read(Socket.java:1109)
	at java.base/sun.security.ssl.SSLSocketInputRecord.read(SSLSocketInputRecord.java:489)
	at java.base/sun.security.ssl.SSLSocketInputRecord.readHeader(SSLSocketInputRecord.java:483)
	at java.base/sun.security.ssl.SSLSocketInputRecord.bytesInCompletePacket(SSLSocketInputRecord.java:70)
	at java.base/sun.security.ssl.SSLSocketImpl.readApplicationRecord(SSLSocketImpl.java:1461)
	at java.base/sun.security.ssl.SSLSocketImpl$AppInputStream.read(SSLSocketImpl.java:1066)
	at com.mongodb.internal.connection.SocketStream.read(SocketStream.java:110)
	at com.mongodb.internal.connection.SocketStream.read(SocketStream.java:135)
	at com.mongodb.internal.connection.InternalStreamConnection.receiveResponseBuffers(InternalStreamConnection.java:713)
	at com.mongodb.internal.connection.InternalStreamConnection.receiveMessageWithAdditionalTimeout(InternalStreamConnection.java:571)
	... 5 common frames omitted
25-08-18 21:00:32:522 [cluster-ClusterId{value='68a30845ee86a97862610f78', description='null'}-ac-0rtaqwp-shard-00-00.dppopie.mongodb.net:27017] INFO  org.mongodb.driver.connection - Opened connection [connectionId{localValue:98, serverValue:24854}] to ac-0rtaqwp-shard-00-00.dppopie.mongodb.net:27017
25-08-18 21:00:32:522 [cluster-ClusterId{value='68a30845ee86a97862610f78', description='null'}-ac-0rtaqwp-shard-00-00.dppopie.mongodb.net:27017] INFO  org.mongodb.driver.cluster - Monitor thread successfully connected to server with description ServerDescription{address=ac-0rtaqwp-shard-00-00.dppopie.mongodb.net:27017, type=REPLICA_SET_SECONDARY, state=CONNECTED, ok=true, minWireVersion=0, maxWireVersion=25, maxDocumentSize=16777216, logicalSessionTimeoutMinutes=30, roundTripTimeNanos=509268900, setName='atlas-69eacf-shard-0', canonicalAddress=ac-0rtaqwp-shard-00-00.dppopie.mongodb.net:27017, hosts=[ac-0rtaqwp-shard-00-02.dppopie.mongodb.net:27017, ac-0rtaqwp-shard-00-01.dppopie.mongodb.net:27017, ac-0rtaqwp-shard-00-00.dppopie.mongodb.net:27017], passives=[], arbiters=[], primary='ac-0rtaqwp-shard-00-01.dppopie.mongodb.net:27017', tagSet=TagSet{[Tag{name='availabilityZone', value='aps1-az1'}, Tag{name='diskState', value='READY'}, Tag{name='nodeType', value='ELECTABLE'}, Tag{name='provider', value='AWS'}, Tag{name='region', value='AP_SOUTH_1'}, Tag{name='workloadType', value='OPERATIONAL'}]}, electionId=null, setVersion=22, topologyVersion=TopologyVersion{processId=68a2385ca281bfbeae5fbf92, counter=4}, lastWriteDate=Mon Aug 18 21:00:31 IST 2025, lastUpdateTimeNanos=21748887544600}
25-08-18 21:00:35:296 [cluster-ClusterId{value='68a30845ee86a97862610f78', description='null'}-ac-0rtaqwp-shard-00-02.dppopie.mongodb.net:27017] INFO  org.mongodb.driver.connection - Opened connection [connectionId{localValue:99, serverValue:20878}] to ac-0rtaqwp-shard-00-02.dppopie.mongodb.net:27017
25-08-18 21:00:35:296 [cluster-ClusterId{value='68a30845ee86a97862610f78', description='null'}-ac-0rtaqwp-shard-00-01.dppopie.mongodb.net:27017] INFO  org.mongodb.driver.connection - Opened connection [connectionId{localValue:100, serverValue:26143}] to ac-0rtaqwp-shard-00-01.dppopie.mongodb.net:27017
25-08-18 21:00:35:297 [cluster-ClusterId{value='68a30845ee86a97862610f78', description='null'}-ac-0rtaqwp-shard-00-02.dppopie.mongodb.net:27017] INFO  org.mongodb.driver.cluster - Monitor thread successfully connected to server with description ServerDescription{address=ac-0rtaqwp-shard-00-02.dppopie.mongodb.net:27017, type=REPLICA_SET_SECONDARY, state=CONNECTED, ok=true, minWireVersion=0, maxWireVersion=25, maxDocumentSize=16777216, logicalSessionTimeoutMinutes=30, roundTripTimeNanos=348285000, setName='atlas-69eacf-shard-0', canonicalAddress=ac-0rtaqwp-shard-00-02.dppopie.mongodb.net:27017, hosts=[ac-0rtaqwp-shard-00-02.dppopie.mongodb.net:27017, ac-0rtaqwp-shard-00-01.dppopie.mongodb.net:27017, ac-0rtaqwp-shard-00-00.dppopie.mongodb.net:27017], passives=[], arbiters=[], primary='ac-0rtaqwp-shard-00-01.dppopie.mongodb.net:27017', tagSet=TagSet{[Tag{name='availabilityZone', value='aps1-az2'}, Tag{name='diskState', value='READY'}, Tag{name='nodeType', value='ELECTABLE'}, Tag{name='provider', value='AWS'}, Tag{name='region', value='AP_SOUTH_1'}, Tag{name='workloadType', value='OPERATIONAL'}]}, electionId=null, setVersion=22, topologyVersion=TopologyVersion{processId=68a23de4dab4d6ff64d8240c, counter=3}, lastWriteDate=Mon Aug 18 21:00:34 IST 2025, lastUpdateTimeNanos=21751660976800}
25-08-18 21:00:35:297 [cluster-ClusterId{value='68a30845ee86a97862610f78', description='null'}-ac-0rtaqwp-shard-00-01.dppopie.mongodb.net:27017] INFO  org.mongodb.driver.cluster - Monitor thread successfully connected to server with description ServerDescription{address=ac-0rtaqwp-shard-00-01.dppopie.mongodb.net:27017, type=REPLICA_SET_PRIMARY, state=CONNECTED, ok=true, minWireVersion=0, maxWireVersion=25, maxDocumentSize=16777216, logicalSessionTimeoutMinutes=30, roundTripTimeNanos=348287200, setName='atlas-69eacf-shard-0', canonicalAddress=ac-0rtaqwp-shard-00-01.dppopie.mongodb.net:27017, hosts=[ac-0rtaqwp-shard-00-02.dppopie.mongodb.net:27017, ac-0rtaqwp-shard-00-01.dppopie.mongodb.net:27017, ac-0rtaqwp-shard-00-00.dppopie.mongodb.net:27017], passives=[], arbiters=[], primary='ac-0rtaqwp-shard-00-01.dppopie.mongodb.net:27017', tagSet=TagSet{[Tag{name='availabilityZone', value='aps1-az3'}, Tag{name='diskState', value='READY'}, Tag{name='nodeType', value='ELECTABLE'}, Tag{name='provider', value='AWS'}, Tag{name='region', value='AP_SOUTH_1'}, Tag{name='workloadType', value='OPERATIONAL'}]}, electionId=7fffffff000000000000004a, setVersion=22, topologyVersion=TopologyVersion{processId=68a23aaa3e67401d392a1e88, counter=6}, lastWriteDate=Mon Aug 18 21:00:34 IST 2025, lastUpdateTimeNanos=21751660978700}
25-08-18 21:00:35:298 [cluster-ClusterId{value='68a30845ee86a97862610f78', description='null'}-ac-0rtaqwp-shard-00-01.dppopie.mongodb.net:27017] INFO  org.mongodb.driver.cluster - Discovered replica set primary ac-0rtaqwp-shard-00-01.dppopie.mongodb.net:27017
25-08-18 21:00:37:705 [cluster-rtt-ClusterId{value='68a30845ee86a97862610f78', description='null'}-ac-0rtaqwp-shard-00-02.dppopie.mongodb.net:27017] INFO  org.mongodb.driver.connection - Opened connection [connectionId{localValue:101, serverValue:20868}] to ac-0rtaqwp-shard-00-02.dppopie.mongodb.net:27017
25-08-18 21:00:37:713 [cluster-rtt-ClusterId{value='68a30845ee86a97862610f78', description='null'}-ac-0rtaqwp-shard-00-01.dppopie.mongodb.net:27017] INFO  org.mongodb.driver.connection - Opened connection [connectionId{localValue:102, serverValue:26171}] to ac-0rtaqwp-shard-00-01.dppopie.mongodb.net:27017
25-08-18 21:00:43:605 [cluster-rtt-ClusterId{value='68a30845ee86a97862610f78', description='null'}-ac-0rtaqwp-shard-00-00.dppopie.mongodb.net:27017] INFO  org.mongodb.driver.connection - Opened connection [connectionId{localValue:103, serverValue:24853}] to ac-0rtaqwp-shard-00-00.dppopie.mongodb.net:27017
